data[0] = UpdateProductReviewParams[comment=Comment about apple,productReviewId=user::apple]
data[1] = 200
data[2] = {"id":"user::apple","comment":"Comment about apple"}
