data[0] = DeleteProductReviewParams[productReviewId=user::apple]
data[1] = 200
data[2] = {"id":"user::apple","locale":"en-US","comment":"Comment about apple"}
