data[0] = CreateProductReviewParams[comment=Comment about apple,productCode=apple]
data[1] = 200
data[2] = {"id":{"productCode":"apple","username":"user"},"locale":"en-US","comment":"Comment about apple"}
