data[0] = ListProductReviewParams[productCode=apple]
data[1] = 200
data[2] = [{"id":"user::apple","comment":"Comment about apple"},{"id":"admin::apple","comment":"I love apples"}]
