data[0] = UpdateProductCommand[name=Apple,productId=apple,auth=user]
data[1] = 200
data[2] = {"id":"apple","name":"Apple"}
