data[0] = GetProductParams[productId=apple,auth=user]
data[1] = 200
data[2] = {"id":"apple","name":"Apple"}
