data[0] = CreateProductCommand[name=Apple,auth=user]
data[1] = 201
data[2] = {"id":"apple","name":"Apple"}
