data[0] = CreateProductParams[name=Apple]
data[1] = 201
data[2] = {"id":"apple","name":"Apple"}
