params[0] = ListProductsCommand[auth=user]
params[1] = 200
params[2] = [{"id":"apple","name":"Apple"},{"id":"pear","name":"Pear"}]
