data[0] = ListProductsParams[productCriteria=ProductCriteria[name=apple,pageNumber=0,pageSize=10]]
data[1] = 200
data[2] = [{"code":"apple","name":"Apple"},{"code":"pear","name":"Pear"}]
