params[0] = DeleteProductCommand[productId=apple,auth=user]
params[1] = 200
params[2] = {"id":"apple","name":"Apple"}
