params[0] = CreateProductCommand[name=Apple,auth=user]
params[1] = 201
params[2] = {"id":"apple","name":"Apple"}
