data[0] = DeleteProductParams[productId=apple]
data[1] = 200
data[2] = {"id":"apple","name":"Apple"}
