data[0] = UpdateProductParams[name=LocalizedData[values={en-US=LocalizedData[values={en-US=Apple, es-ES=Manzana}]}],productCode=apple]
data[1] = 200
data[2] = {"code":"apple","status":"PUBLISHED","name":{"en-US":"Apple"}}
