data[0] = CreateProductParams[code=apple,name=LocalizedData[values={en-US=Apple}],typeId=fruit]
data[1] = 201
data[2] = {"code":"apple","typeId":"fruit","name":{"en-US":"Apple"},"status":"PUBLISHED"}
