data[0] = ListProductsParams[criteria=ProductCriteria[name=apple,pageNumber=0,pageSize=10]]
data[1] = 200
data[2] = [{"code":"apple","typeId":"fruit","name":{"en-US":"Apple"},"status":"PUBLISHED"},{"code":"pear","typeId":"fruit","name":{"en-US":"Pear"},"status":"PUBLISHED"}]
