data[0] = GetProductParams[productCode=apple]
data[1] = 200
data[2] = {"code":"apple","status":"PUBLISHED","name":"Apple"}
