data[0] = DeleteProductParams[productCode=apple]
data[1] = 200
data[2] = {"code":"apple","name":"Apple"}
