params[0] = SignInCommand[plainPassword=plain-password,username=user,auth=anonymous]
params[1] = 200
params[2] = {"username":"user","roles":["user"]}
