data[0] = SignInParams[plainPassword=plain-password,username=user,auth=anonymous]
data[1] = 200
data[2] = {"username":"user","roles":["user"]}
