params[0] = SignInCommand[plainPassword=plain-password,username=one-user,auth=anonymous]
params[1] = {"username":"user-one","roles":["user"]}
