params[0] = ListProductReviewCommand[productId=apple,auth=user]
params[1] = 200
params[2] = [{"id":"user::apple","comment":"Comment about apple"},{"id":"admin::apple","comment":"I love apples"}]
