params[0] = UpdateProductReviewCommand[comment=Comment about apple,productReviewId=user::apple,auth=user]
params[1] = 200
params[2] = {"id":"user::apple","comment":"Comment about apple"}
