params[0] = CreateProductReviewCommand[comment=Comment about apple,productId=apple,auth=user]
params[1] = 200
params[2] = {"id":"user::apple","comment":"Comment about apple"}
