data[0] = GetProductReviewParams[productReviewId=user::apple]
data[1] = 200
data[2] = {"id":"user::apple","comment":"Comment about apple"}
