data[0] = CreateProductReviewParams[comment=Comment about apple,productId=apple,auth=user]
data[1] = 200
data[2] = {"id":"user::apple","comment":"Comment about apple"}
